[INFO ] 2025-08-25 12:02:38.788 [main] Log - User entered username and password.
[INFO ] 2025-08-25 12:02:38.813 [main] Log - User redirected to dashboard page.
[INFO ] 2025-08-25 12:02:38.959 [main] Log - User clicked on user tab.
[INFO ] 2025-08-25 12:02:39.124 [main] Log - User clicked on add user button.
[INFO ] 2025-08-25 12:02:39.700 [main] Log - User filled all mandatory information.
[INFO ] 2025-08-25 12:02:41.522 [main] Log - User entered username and password.
[INFO ] 2025-08-25 13:16:21.311 [main] Log - User entered username and password.
[INFO ] 2025-08-25 13:16:21.328 [main] Log - User redirected to dashboard page.
[INFO ] 2025-08-25 13:16:21.453 [main] Log - User clicked on user tab.
[INFO ] 2025-08-25 13:16:21.615 [main] Log - User clicked on add user button.
[INFO ] 2025-08-25 13:16:22.188 [main] Log - User filled all mandatory information.
[INFO ] 2025-08-25 13:16:24.046 [main] Log - User entered username and password.
[INFO ] 2025-08-25 13:16:24.192 [main] Log - User redirected to dashboard page.
[INFO ] 2025-08-25 14:41:10.271 [main] Log - User entered username and password.
[INFO ] 2025-08-25 14:41:10.291 [main] Log - User redirected to dashboard page.
[INFO ] 2025-08-25 14:41:10.435 [main] Log - User clicked on user tab.
[INFO ] 2025-08-25 14:41:10.552 [main] Log - User clicked on add user button.
[INFO ] 2025-08-25 14:41:11.220 [main] Log - User filled all mandatory information.
[INFO ] 2025-08-25 14:41:13.074 [main] Log - User entered username and password.
[INFO ] 2025-08-25 14:42:59.965 [main] Log - User entered username and password.
[INFO ] 2025-08-25 14:42:59.987 [main] Log - User redirected to dashboard page.
[INFO ] 2025-08-25 14:43:00.160 [main] Log - User clicked on user tab.
[INFO ] 2025-08-25 14:43:00.280 [main] Log - User clicked on add user button.
[INFO ] 2025-08-25 14:43:01.000 [main] Log - User filled all mandatory information.
[INFO ] 2025-08-25 14:43:03.089 [main] Log - User entered username and password.
[INFO ] 2025-08-25 14:43:03.344 [main] Log - User redirected to dashboard page.
[INFO ] 2025-08-25 14:50:49.368 [main] Log - User entered username and password.
[INFO ] 2025-08-25 14:50:49.386 [main] Log - User redirected to dashboard page.
[INFO ] 2025-08-25 14:50:49.554 [main] Log - User clicked on user tab.
[INFO ] 2025-08-25 14:50:49.694 [main] Log - User clicked on add user button.
[INFO ] 2025-08-25 14:50:50.313 [main] Log - User filled all mandatory information.
[INFO ] 2025-08-25 14:50:52.155 [main] Log - User entered username and password.
[INFO ] 2025-08-25 14:50:52.313 [main] Log - User redirected to dashboard page.
[INFO ] 2025-08-25 15:05:55.300 [main] Log - User entered username and password.
[INFO ] 2025-08-25 15:05:55.322 [main] Log - User redirected to dashboard page.
[INFO ] 2025-08-25 15:05:55.458 [main] Log - User clicked on user tab.
[INFO ] 2025-08-25 15:05:55.596 [main] Log - User clicked on add user button.
[INFO ] 2025-08-25 15:05:56.235 [main] Log - User filled all mandatory information.
[INFO ] 2025-08-25 15:05:58.093 [main] Log - User entered username and password.
[INFO ] 2025-08-25 15:05:58.328 [main] Log - User redirected to dashboard page.
[INFO ] 2025-08-25 15:46:22.295 [main] Log - User entered username and password.
[INFO ] 2025-08-25 15:46:22.318 [main] Log - User redirected to dashboard page.
[INFO ] 2025-08-25 15:46:22.488 [main] Log - User clicked on user tab.
[INFO ] 2025-08-25 15:46:22.640 [main] Log - User clicked on add user button.
[INFO ] 2025-08-25 15:46:23.284 [main] Log - User filled all mandatory information.
[INFO ] 2025-08-25 15:46:25.220 [main] Log - User entered username and password.
[INFO ] 2025-08-25 15:46:25.375 [main] Log - User redirected to dashboard page.
[INFO ] 2025-08-25 15:49:03.309 [main] Log - User entered username and password.
[INFO ] 2025-08-25 15:49:03.327 [main] Log - User redirected to dashboard page.
[INFO ] 2025-08-25 15:49:03.475 [main] Log - User clicked on user tab.
[INFO ] 2025-08-25 15:49:03.611 [main] Log - User clicked on add user button.
[INFO ] 2025-08-25 15:49:04.239 [main] Log - User filled all mandatory information.
[INFO ] 2025-08-25 15:49:06.099 [main] Log - User entered username and password.
[INFO ] 2025-08-25 15:49:06.261 [main] Log - User redirected to dashboard page.
[INFO ] 2025-08-25 17:58:58.738 [main] Log - User entered username and password.
[INFO ] 2025-08-25 17:58:58.759 [main] Log - User redirected to dashboard page.
[INFO ] 2025-08-25 17:58:58.941 [main] Log - User clicked on user tab.
[INFO ] 2025-08-25 17:58:59.103 [main] Log - User clicked on add user button.
[INFO ] 2025-08-25 17:58:59.712 [main] Log - User filled all mandatory information.
[INFO ] 2025-08-25 17:59:01.832 [main] Log - User entered username and password.
[INFO ] 2025-08-25 17:59:01.998 [main] Log - User redirected to dashboard page.
[INFO ] 2025-08-25 18:01:47.776 [main] Log - User entered username and password.
[INFO ] 2025-08-25 18:01:47.795 [main] Log - User redirected to dashboard page.
[INFO ] 2025-08-25 18:01:47.947 [main] Log - User clicked on user tab.
[INFO ] 2025-08-25 18:01:48.086 [main] Log - User clicked on add user button.
[INFO ] 2025-08-25 18:01:48.642 [main] Log - User filled all mandatory information.
[INFO ] 2025-08-25 18:01:50.233 [main] Log - User entered username and password.
[INFO ] 2025-08-25 18:01:50.349 [main] Log - User redirected to dashboard page.
[INFO ] 2025-08-25 18:04:57.121 [main] Log - User entered username and password.
[INFO ] 2025-08-25 18:04:57.141 [main] Log - User redirected to dashboard page.
[INFO ] 2025-08-25 18:04:57.271 [main] Log - User clicked on user tab.
[INFO ] 2025-08-25 18:04:57.392 [main] Log - User clicked on add user button.
[INFO ] 2025-08-25 18:04:57.977 [main] Log - User filled all mandatory information.
[INFO ] 2025-08-25 18:04:59.823 [main] Log - User entered username and password.
[INFO ] 2025-08-25 18:04:59.995 [main] Log - User redirected to dashboard page.
[INFO ] 2025-08-25 18:05:44.509 [main] Log - User entered username and password.
[INFO ] 2025-08-25 18:05:44.528 [main] Log - User redirected to dashboard page.
[INFO ] 2025-08-25 18:05:44.652 [main] Log - User clicked on user tab.
[INFO ] 2025-08-25 18:05:44.764 [main] Log - User clicked on add user button.
[INFO ] 2025-08-25 18:05:45.422 [main] Log - User filled all mandatory information.
[INFO ] 2025-08-25 18:05:47.075 [main] Log - User entered username and password.
[INFO ] 2025-08-25 18:05:47.213 [main] Log - User redirected to dashboard page.
[INFO ] 2025-08-26 15:56:50.921 [main] Log - User entered username and password.
[INFO ] 2025-08-26 15:56:50.943 [main] Log - User redirected to dashboard page.
[INFO ] 2025-08-26 15:56:51.143 [main] Log - User clicked on user tab.
[INFO ] 2025-08-26 15:56:51.298 [main] Log - User clicked on add user button.
[INFO ] 2025-08-26 15:56:51.930 [main] Log - User filled all mandatory information.
[INFO ] 2025-08-26 15:56:53.702 [main] Log - User entered username and password.
[INFO ] 2025-08-26 15:56:53.837 [main] Log - User redirected to dashboard page.
