[INFO ] 2024-08-20 18:49:14.215 [main] Log - User entered username and password.
[INFO ] 2024-08-20 18:49:17.756 [main] Log - User redirected to dashboard page.
[INFO ] 2024-08-20 18:49:21.492 [main] Log - User entered username and password.
[INFO ] 2024-08-20 18:49:24.519 [main] Log - User redirected to dashboard page.
[INFO ] 2024-08-20 18:49:25.188 [main] Log - User clicked on user tab.
[INFO ] 2024-08-20 18:49:25.432 [main] Log - User clicked on add user button.
[INFO ] 2024-08-20 18:49:26.634 [main] Log - User filled all mandatory information.
[INFO ] 2024-08-20 19:17:41.367 [main] Log - verifyLogin Test is starting. 
[INFO ] 2024-08-20 19:17:42.728 [main] Log - User entered username and password.
[INFO ] 2024-08-20 19:17:45.789 [main] Log - User redirected to dashboard page.
[INFO ] 2024-08-20 19:17:45.801 [main] Log - verifyLoginTest is passed
[INFO ] 2024-08-20 19:17:49.808 [main] Log - verifyAddUser Test is starting. 
[INFO ] 2024-08-20 19:17:50.974 [main] Log - User entered username and password.
[INFO ] 2024-08-20 19:17:54.010 [main] Log - User redirected to dashboard page.
[INFO ] 2024-08-20 19:17:54.389 [main] Log - User clicked on user tab.
[INFO ] 2024-08-20 19:17:54.581 [main] Log - User clicked on add user button.
[INFO ] 2024-08-20 19:17:55.928 [main] Log - User filled all mandatory information.
[INFO ] 2024-08-20 19:18:00.937 [main] Log - verifyAddUserTest is passed
[INFO ] 2024-08-20 19:18:02.421 [main] Log - I am on finish method Test
[INFO ] 2024-08-20 20:16:24.975 [main] Log - verifyLogin Test is starting. 
[INFO ] 2024-08-20 20:16:27.202 [main] Log - User entered username and password.
[INFO ] 2024-08-20 20:16:30.256 [main] Log - User redirected to dashboard page.
[INFO ] 2024-08-20 20:16:30.265 [main] Log - verifyLoginTest is passed
[INFO ] 2024-08-20 20:16:34.952 [main] Log - verifyAddUser Test is starting. 
[INFO ] 2024-08-20 20:16:35.724 [main] Log - User entered username and password.
[INFO ] 2024-08-20 20:16:38.743 [main] Log - User redirected to dashboard page.
[INFO ] 2024-08-20 20:16:39.115 [main] Log - User clicked on user tab.
[INFO ] 2024-08-20 20:16:39.396 [main] Log - User clicked on add user button.
[INFO ] 2024-08-20 20:16:40.412 [main] Log - User filled all mandatory information.
[INFO ] 2024-08-20 20:16:45.431 [main] Log - verifyAddUserTest is passed
[INFO ] 2024-08-20 20:16:46.055 [main] Log - I am on finish method Test
