[INFO ] 2025-08-21 16:12:08.550 [main] Log - User entered username and password.
[INFO ] 2025-08-21 16:12:08.796 [main] Log - User redirected to dashboard page.
[INFO ] 2025-08-21 16:12:08.944 [main] Log - User clicked on user tab.
[INFO ] 2025-08-21 16:12:09.078 [main] Log - User clicked on add user button.
[INFO ] 2025-08-21 16:12:09.717 [main] Log - User filled all mandatory information.
[INFO ] 2025-08-21 16:12:11.219 [main] Log - User entered username and password.
[INFO ] 2025-08-21 16:17:47.506 [main] Log - User entered username and password.
[INFO ] 2025-08-21 16:17:47.700 [main] Log - User redirected to dashboard page.
[INFO ] 2025-08-21 16:17:47.833 [main] Log - User clicked on user tab.
[INFO ] 2025-08-21 16:17:47.958 [main] Log - User clicked on add user button.
[INFO ] 2025-08-21 16:17:48.558 [main] Log - User filled all mandatory information.
[INFO ] 2025-08-21 16:17:50.108 [main] Log - User entered username and password.
[INFO ] 2025-08-21 16:17:50.239 [main] Log - User redirected to dashboard page.
[INFO ] 2025-08-21 16:21:28.103 [main] Log - User entered username and password.
[INFO ] 2025-08-21 16:21:28.304 [main] Log - User redirected to dashboard page.
[INFO ] 2025-08-21 16:21:28.491 [main] Log - User clicked on user tab.
[INFO ] 2025-08-21 16:21:28.642 [main] Log - User clicked on add user button.
[INFO ] 2025-08-21 16:21:29.178 [main] Log - User filled all mandatory information.
[INFO ] 2025-08-21 16:21:30.951 [main] Log - User entered username and password.
[INFO ] 2025-08-21 16:21:31.085 [main] Log - User redirected to dashboard page.
[INFO ] 2025-08-21 16:32:19.845 [main] Log - User entered username and password.
[INFO ] 2025-08-21 16:32:21.844 [main] Log - User entered username and password.
[INFO ] 2025-08-21 16:32:22.008 [main] Log - User redirected to dashboard page.
[INFO ] 2025-08-21 16:35:27.109 [main] Log - User entered username and password.
[INFO ] 2025-08-21 16:35:29.219 [main] Log - User entered username and password.
[INFO ] 2025-08-21 16:35:29.255 [main] Log - User redirected to dashboard page.
[INFO ] 2025-08-21 16:55:02.359 [main] Log - User entered username and password.
[INFO ] 2025-08-21 16:55:04.463 [main] Log - User entered username and password.
[INFO ] 2025-08-21 16:55:04.503 [main] Log - User redirected to dashboard page.
[INFO ] 2025-08-21 16:59:06.967 [main] Log - User entered username and password.
[INFO ] 2025-08-21 16:59:08.906 [main] Log - User entered username and password.
[INFO ] 2025-08-21 16:59:09.061 [main] Log - User redirected to dashboard page.
[INFO ] 2025-08-21 17:19:29.357 [main] Log - User entered username and password.
[INFO ] 2025-08-21 17:19:31.302 [main] Log - User entered username and password.
[INFO ] 2025-08-21 17:19:31.464 [main] Log - User redirected to dashboard page.
[INFO ] 2025-08-21 17:30:46.434 [main] Log - User entered username and password.
[INFO ] 2025-08-21 17:30:48.466 [main] Log - User entered username and password.
[INFO ] 2025-08-21 17:30:48.619 [main] Log - User redirected to dashboard page.
[INFO ] 2025-08-21 17:36:32.299 [main] Log - User entered username and password.
[INFO ] 2025-08-21 17:36:34.411 [main] Log - User entered username and password.
[INFO ] 2025-08-21 17:36:34.590 [main] Log - User redirected to dashboard page.
[INFO ] 2025-08-21 17:42:28.242 [main] Log - User entered username and password.
[INFO ] 2025-08-21 17:42:30.200 [main] Log - User entered username and password.
[INFO ] 2025-08-21 17:42:30.441 [main] Log - User redirected to dashboard page.
[INFO ] 2025-08-21 17:55:38.097 [main] Log - User entered username and password.
[INFO ] 2025-08-21 17:55:40.232 [main] Log - User entered username and password.
[INFO ] 2025-08-21 17:55:41.936 [main] Log - User redirected to dashboard page.
[INFO ] 2025-08-21 18:57:01.440 [main] Log - User entered username and password.
[INFO ] 2025-08-21 18:57:01.458 [main] Log - User redirected to dashboard page.
[INFO ] 2025-08-21 18:57:01.592 [main] Log - User clicked on user tab.
[INFO ] 2025-08-21 18:57:01.749 [main] Log - User clicked on add user button.
[INFO ] 2025-08-21 18:57:02.357 [main] Log - User filled all mandatory information.
[INFO ] 2025-08-21 18:57:04.083 [main] Log - User entered username and password.
[INFO ] 2025-08-21 18:57:04.213 [main] Log - User redirected to dashboard page.
